// Jest Snapshot v1, https://goo.gl/fbAQLP

exports[`MessageList should render correctly 1`] = `
<div>
  <div
    className="scroll-down-button"
    onClick={[Function]}
  >
    â¬‡
  </div>
  <div
    className="message-list"
    onScroll={[Function]}
  >
    <div
      key="0"
    >
      <MessageFrame
        currentUserEmail="nemo@mail.com"
        message={
          Object {
            "_id": "0",
            "authorEmail": "nemo@mail.com",
            "authorName": "captain Nemo",
            "chatId": "0",
            "text": "some message",
            "time": "2019-12-25T16:40:12.526Z",
            "wasMessageReceived": true,
          }
        }
      />
    </div>
  </div>
  <NewMessageInput
    onSubmitNewMessage={[Function]}
  />
</div>
`;
