// Jest Snapshot v1, https://goo.gl/fbAQLP

exports[`ChatFrame should render correctly 1`] = `
<div
  className="selected-item"
  onClick={[Function]}
>
  <div>
    <h4>
      captains log
    </h4>
  </div>
  <div>
    <p>
      Chat members:
    </p>
    <div>
      <div
        key="0"
      >
        <p>
          captain Nemo
        </p>
      </div>
    </div>
  </div>
</div>
`;
