// Jest Snapshot v1, https://goo.gl/fbAQLP

exports[`MessageFrame should render correctly 1`] = `
<div
  className="MessageFrame"
>
  <div>
    <p />
  </div>
  <div>
    <p />
  </div>
  <div>
    <p>
      some message
    </p>
  </div>
  <MessageTimestamp
    time="2019-12-25T16:40:12.526Z"
  />
</div>
`;
