// Jest Snapshot v1, https://goo.gl/fbAQLP

exports[`NewMessageInput should render correctly 1`] = `
<div>
  <input
    name="userMessage"
    onChange={[Function]}
    type="text"
    value=""
  />
  <button
    onClick={[Function]}
    type="submit"
  >
    Send message
  </button>
</div>
`;
