// Jest Snapshot v1, https://goo.gl/fbAQLP

exports[`RegistrationForm should render correctly 1`] = `
<form
  className="reg-auth-form"
  onSubmit={[Function]}
>
  <h3>
    New user registration
  </h3>
  <label>
    User email
  </label>
  <input
    name="userEmail"
    onChange={[Function]}
    placeholder="User email"
    type="text"
    value=""
  />
  <br />
  <label>
    User name
  </label>
  <input
    name="userName"
    onChange={[Function]}
    placeholder="User name"
    type="text"
    value=""
  />
  <br />
  <label>
    User password
  </label>
  <input
    name="userPassword"
    onChange={[Function]}
    placeholder="User password"
    type="text"
    value=""
  />
  <br />
  <button
    type="submit"
  >
    Send new user registration data
  </button>
</form>
`;
