// Jest Snapshot v1, https://goo.gl/fbAQLP

exports[`NewMessageInput should render correctly 1`] = `
<div
  className="messageFrame-MessageTimestamp"
>
  <span>
    21
    :
    02
     
    25
    .
    12
    .
    2019
  </span>
</div>
`;
