// Jest Snapshot v1, https://goo.gl/fbAQLP

exports[`MessageFrame should render correctly 1`] = `
<div
  className="messageFrame messageFrame_user_another"
>
  <div>
    <AuthorNameLabel
      authorName="captain Nemo"
    />
  </div>
  <div>
    <MessageTextField
      text="some message"
    />
  </div>
  <div>
    <MessageTimestamp
      time="2019-12-25T16:40:12.526Z"
    />
  </div>
</div>
`;
